Loading tilelang libs from dev root: /home/ywc/co-tilelang/build
2026-09-24 15:57:04,551 WARNING:Tunable parameters ['block_M', 'block_N', 'block_K', 'num_stages'] already provided during auto-tuning. Skipping compilation and using direct JIT
[CT2] check tilelang {'max_abs': 0.002442598342895508, 'rel_l2': 0.000294060780071608, 'mismatch_frac': 0.0, 'nonfinite': 0, 'ref_max_abs': 4.030673027038574, 'ok': True} triton {'max_abs': 0.001714468002319336, 'rel_l2': 0.0002926139553874121, 'mismatch_frac': 0.0, 'nonfinite': 0, 'ref_max_abs': 4.030673027038574, 'ok': True}
[mamba CT2] flush=clean reps=100
  tilelang                     65.57 us (p10 65.12 p90 67.58 cv 1.30%) clk 2741 MHz | x1.000 vs triton
  triton                       65.54 us (p10 63.52 p90 65.60 cv 1.11%) clk 2704 MHz | x1.000 vs triton
2026-09-24 15:57:15,313 WARNING:Tunable parameters ['block_M', 'block_N', 'block_K', 'num_stages'] already provided during auto-tuning. Skipping compilation and using direct JIT
2026-09-24 15:57:15,344 WARNING:Tunable parameters ['block_M', 'block_N', 'block_K', 'num_stages'] already provided during auto-tuning. Skipping compilation and using direct JIT
2026-09-24 15:57:15,352 WARNING:Tunable parameters ['block_M', 'block_N', 'block_K', 'num_stages'] already provided during auto-tuning. Skipping compilation and using direct JIT
2026-09-24 15:57:15,360 WARNING:Tunable parameters ['block_M', 'block_N', 'block_K', 'num_stages'] already provided during auto-tuning. Skipping compilation and using direct JIT
2026-09-24 15:57:15,372 WARNING:Tunable parameters ['block_M', 'block_N', 'block_K', 'num_stages'] already provided during auto-tuning. Skipping compilation and using direct JIT
[topk CT2] flush=clean reps=50
  tl_top0                      67.34 us (p10 65.22 p90 67.58 cv 1.56%) clk 2729 MHz | x0.973 vs triton
  tl_top1                      65.50 us (p10 65.18 p90 65.66 cv 0.86%) clk 2744 MHz | x1.000 vs triton
  tl_top2                      65.54 us (p10 65.22 p90 65.64 cv 0.49%) clk 2736 MHz | x1.000 vs triton
  tl_top3                      73.71 us (p10 73.37 p90 73.82 cv 0.51%) clk 2752 MHz | x0.889 vs triton
  tl_top4                      73.31 us (p10 71.68 p90 73.76 cv 1.26%) clk 2751 MHz | x0.894 vs triton
  tl_top5                      71.71 us (p10 71.26 p90 73.73 cv 1.45%) clk 2751 MHz | x0.914 vs triton
  triton                       65.54 us (p10 64.99 p90 65.57 cv 0.87%) clk 2710 MHz | x1.000 vs triton
[CT2] TL 65.57 us  Triton 65.54 us  ratio 1.000  (secondary 1.236)  ok=True
