Loading tilelang libs from dev root: /home/ywc/co-tilelang/build
2026-09-22 19:35:39  [TileLang:tilelang.jit.kernel:INFO] (kernel.py:137): TileLang begins to compile kernel `matmul` with `out_idx=[-1]`
2026-09-22 19:35:42  [TileLang:tilelang.jit.kernel:INFO] (kernel.py:145): TileLang completes to compile kernel `matmul`
c:
tensor([[ 42.8438,   9.5469, -52.3438,  ..., -23.3594,  -7.2852,  40.3438],
        [  8.8281, -15.9531,  12.7578,  ..., -23.5156, -20.6406,  38.1250],
        [ -0.2593, -31.0312,   1.3818,  ...,   5.5078,  35.3750,  -8.3750],
        ...,
        [ -6.1016,  15.8750,  33.9375,  ...,   5.0000,  33.5938,  17.2344],
        [ -8.5078,  14.7734,  22.3750,  ...,   2.3438,  11.5156,  62.5312],
        [  1.7910,  56.8438,  30.4375,  ...,  -6.8359, -10.2578,  -4.5820]],
       device='cuda:0', dtype=torch.float16)
ref_c:
tensor([[ 42.8438,   9.5469, -52.3438,  ..., -23.3594,  -7.2852,  40.3438],
        [  8.8281, -15.9531,  12.7578,  ..., -23.5156, -20.6406,  38.1250],
        [ -0.2593, -31.0312,   1.3818,  ...,   5.5078,  35.3750,  -8.3750],
        ...,
        [ -6.1016,  15.8750,  33.9375,  ...,   5.0000,  33.5938,  17.2344],
        [ -8.5078,  14.7734,  22.3750,  ...,   2.3438,  11.5156,  62.5312],
        [  1.7910,  56.8438,  30.4375,  ...,  -6.8359, -10.2578,  -4.5820]],
       device='cuda:0', dtype=torch.float16)
All check passed.
CUDA Source:
#if defined(_MSC_VER) && !defined(__clang__) && _MSC_VER < 1940
#define _tl_orig_alignas alignas
#define alignas(N) _tl_orig_alignas((N) <= 64 ? (N) : 64)
#include <cuda.h>
#undef alignas
#define alignas _tl_orig_alignas
#endif
#include <tl_templates/cuda/instruction/mma.h>
#include <tl_templates/cuda/intrin.h>
#include <tl_templates/cuda/barrier.h>
#include <tl_templates/cuda/copy_sm90.h>
#include <tl_templates/cuda/reduce.h>
#include <tl_templates/cuda/scan.h>
#include <tl_templates/cuda/ldsm.h>
#include <tl_templates/cuda/threadblock_swizzle.h>
#include <tl_templates/cuda/debug.h>
#ifdef ENABLE_BF16
#include <tl_templates/cuda/cuda_bf16_fallbacks.cuh>
#endif

extern "C" __global__ void matmul_kernel(__grid_constant__ const CUtensorMap A_desc, __grid_constant__ const CUtensorMap B_desc, half_t* __restrict__ C);
extern "C" __global__ void __launch_bounds__(256, 1) matmul_kernel(__grid_constant__ const CUtensorMap A_desc, __grid_constant__ const CUtensorMap B_desc, half_t* __restrict__ C) {
  extern __shared__ __align__(1024) uchar buf_dyn_shmem[];
  void* A_shared = ((void*)((char*)buf_dyn_shmem + 0));
  void* B_shared = ((void*)((char*)buf_dyn_shmem + 24576));
  __shared__ __align__(16) uint64_t mbarrier_mem[6];
  auto mbarrier = reinterpret_cast<Barrier*>(mbarrier_mem);
  float C_local[128];
  if (tl::tl_shuffle_elect<0>()) {
    tl::prefetch_tma_descriptor(A_desc);
    tl::prefetch_tma_descriptor(B_desc);
  }
  if (tl::tl_shuffle_elect<0>()) {
    mbarrier[0].init(1);
    mbarrier[1].init(1);
    mbarrier[2].init(1);
    mbarrier[3].init(128);
    mbarrier[4].init(128);
    mbarrier[5].init(128);
  }
  tl::fence_barrier_init();
  __syncthreads();
  if (((int)threadIdx.x) < 128) {
    tl::warpgroup_reg_dealloc<24>();
    for (int k = 0; k < 32; ++k) {
      mbarrier[((k % 3) + 3)].wait((((k % 6) / 3) ^ 1));
      if (tl::tl_shuffle_elect<128>()) {
        mbarrier[(k % 3)].expect_transaction(8192);
        tl::tma_load(A_desc, mbarrier[(k % 3)], (&(((half_t*)A_shared)[((k % 3) * 4096)])), (k * 32), (((int)blockIdx.y) * 128));
        mbarrier[(k % 3)].arrive_and_expect_tx(8192);
        #pragma unroll
        for (int i = 0; i < 2; ++i) {
          tl::tma_load(B_desc, mbarrier[(k % 3)], (&(((half_t*)B_shared)[(((k % 3) * 4096) + (i * 2048))])), ((((int)blockIdx.x) * 128) + (i * 64)), (k * 32));
        }
      }
    }
  } else {
    tl::warpgroup_reg_alloc<240>();
    #pragma unroll
    for (int i_1 = 0; i_1 < 32; ++i_1) {
      float broadcast_var = 0x0p+0f/*0.000000e+00*/;
      *(float4*)(C_local + (i_1 * 4)) = make_float4(broadcast_var, broadcast_var, broadcast_var, broadcast_var);
    }
    for (int k_1 = 0; k_1 < 32; ++k_1) {
      mbarrier[(k_1 % 3)].wait(((k_1 % 6) / 3));
      {
        half_t A_local[32];
        half_t B_local[32];
        for (int ki = 0; ki < 2; ++ki) {
          #pragma unroll
          for (int i_2 = 0; i_2 < 4; ++i_2) {
            tl::ptx_ldmatrix_x4((&(((half_t*)A_shared)[(((((((k_1 % 3) * 4096) + (((((int)threadIdx.x) & 63) >> 5) * 2048)) + (i_2 * 512)) + ((((int)threadIdx.x) & 15) * 32)) + (((((((int)threadIdx.x) & 7) >> 2) + ki) & 1) * 16)) + (((((((int)threadIdx.x) & 31) >> 4) + ((((int)threadIdx.x) & 3) >> 1)) & 1) * 8))])), (&(A_local[(i_2 * 8)])));
          }
          #pragma unroll
          for (int i_3 = 0; i_3 < 4; ++i_3) {
            tl::ptx_ldmatrix_x4_trans((&(((half_t*)B_shared)[((((((((k_1 % 3) * 4096) + (((((int)threadIdx.x) & 127) >> 6) * 2048)) + (ki * 1024)) + ((((int)threadIdx.x) & 15) * 64)) + (((((((int)threadIdx.x) & 7) >> 2) + (i_3 >> 1)) & 1) * 32)) + (((((((int)threadIdx.x) & 3) >> 1) + (i_3 & 1)) & 1) * 16)) + (((((((int)threadIdx.x) & 31) >> 4) + (((int)threadIdx.x) & 1)) & 1) * 8))])), (&(B_local[(i_3 * 8)])));
          }
          for (int i_4 = 0; i_4 < 4; ++i_4) {
            for (int j = 0; j < 4; ++j) {
              tl::mma_sync<tl::DataType::kFloat16, tl::DataType::kFloat16, tl::DataType::kFloat32, 16, 8, 16, false, true>(reinterpret_cast<float*>(C_local + ((i_4 * 32) + (j * 8))), reinterpret_cast<const unsigned*>(A_local + (i_4 * 8)), reinterpret_cast<const unsigned*>(B_local + (j * 8)));
              tl::mma_sync<tl::DataType::kFloat16, tl::DataType::kFloat16, tl::DataType::kFloat32, 16, 8, 16, false, true>(reinterpret_cast<float*>(C_local + (((i_4 * 32) + (j * 8)) + 4)), reinterpret_cast<const unsigned*>(A_local + (i_4 * 8)), reinterpret_cast<const unsigned*>(B_local + ((j * 8) + 4)));
            }
          }
        }
      }
      mbarrier[((k_1 % 3) + 3)].arrive();
    }
    #pragma unroll
    for (int i_5 = 0; i_5 < 64; ++i_5) {
      half_t C_local_cast[2];
      uint1 __1;
      float2 v_ = *(float2*)(C_local + (i_5 * 2));
      ((half2*)(&__1))[0] = __float22half2_rn(((float2*)(&v_))[0]);
      *(uint1*)(C_local_cast + 0) = __1;
      *(uint1*)(C + ((((((((((((int)blockIdx.y) * 131072) + (((((int)threadIdx.x) & 63) >> 5) * 65536)) + ((i_5 >> 4) * 16384)) + ((i_5 & 1) * 8192)) + (((((int)threadIdx.x) & 31) >> 2) * 1024)) + (((int)blockIdx.x) * 128)) + ((((int)threadIdx.x) >> 6) * 64)) + (((i_5 & 15) >> 1) * 8)) + ((((int)threadIdx.x) & 3) * 2)) - 128)) = *(uint1*)(C_local_cast + 0);
    }
  }
}


tilelang Latency: 0.019561742857143277ms
	Command being timed: "python example_gemm.py"
	User time (seconds): 10.37
	System time (seconds): 1.87
	Percent of CPU this job got: 86%
	Elapsed (wall clock) time (h:mm:ss or m:ss): 0:14.08
	Average shared text size (kbytes): 0
	Average unshared data size (kbytes): 0
	Average stack size (kbytes): 0
	Average total size (kbytes): 0
	Maximum resident set size (kbytes): 1560632
	Average resident set size (kbytes): 0
	Major (requiring I/O) page faults: 480
	Minor (reclaiming a frame) page faults: 400504
	Voluntary context switches: 2133
	Involuntary context switches: 242
	Swaps: 0
	File system inputs: 201344
	File system outputs: 23528
	Socket messages sent: 0
	Socket messages received: 0
	Signals delivered: 0
	Page size (bytes): 4096
	Exit status: 0
