Loading tilelang libs from dev root: /home/ywc/co-tilelang/build
[19:38:48] /home/ywc/co-tilelang/src/cuda/op/gemm.cc:148: Fatal: T.wgmma_gemm() requires Hopper WGMMA lowering, but constraints were not satisfied. Got target={"kind":"cuda","tag":"","keys":["cuda","gpu"],"host":{"kind":"c","tag":"","keys":["cpu"]},"max_num_threads":1024,"thread_warp_size":32,"arch":"sm_120a"}, A(scope=shared.dyn, dtype=float16), B(scope=shared.dyn, dtype=float16), C(scope=local.fragment, dtype=float32), M=64, N=64, K=64.
  --> /home/ywc/co-tilelang/examples/warp_specialize/example_warp_specialize_flashmla.py:36:1
2026-09-22 19:38:48  [TileLang:tilelang.jit.kernel:INFO] (kernel.py:137): TileLang begins to compile kernel `main_no_split` with `out_idx=[6]`
Traceback (most recent call last):
  File "/home/ywc/co-tilelang/examples/warp_specialize/example_warp_specialize_flashmla.py", line 519, in <module>
    main(batch, heads, kv_heads, kv_ctx, dim, pe_dim)
  File "/home/ywc/co-tilelang/examples/warp_specialize/example_warp_specialize_flashmla.py", line 500, in main
    kernel = flashattn(batch, heads, kv_heads, kv_ctx, dim, pe_dim, BLOCK_N, BLOCK_H, num_split)
             ^^^^^^^^^^^^^^^^^^^^^^^^^^^^^^^^^^^^^^^^^^^^^^^^^^^^^^^^^^^^^^^^^^^^^^^^^^^^^^^^^^^
  File "/home/ywc/co-tilelang/tilelang/jit/__init__.py", line 539, in __call__
    kernel = self.compile(*args, **kwargs)
             ^^^^^^^^^^^^^^^^^^^^^^^^^^^^^
  File "/home/ywc/co-tilelang/tilelang/jit/__init__.py", line 454, in compile
    kernel_result = compile(
                    ^^^^^^^^
  File "/home/ywc/co-tilelang/tilelang/jit/__init__.py", line 162, in compile
    return cached(
           ^^^^^^^
  File "/home/ywc/co-tilelang/tilelang/cache/__init__.py", line 82, in cached
    return cache.cached(
           ^^^^^^^^^^^^^
  File "/home/ywc/co-tilelang/tilelang/cache/kernel_cache.py", line 428, in cached
    kernel = JITKernel(
             ^^^^^^^^^^
  File "/home/ywc/co-tilelang/tilelang/jit/kernel.py", line 140, in __init__
    adapter = self._compile_and_create_adapter(func, out_idx)
              ^^^^^^^^^^^^^^^^^^^^^^^^^^^^^^^^^^^^^^^^^^^^^^^
  File "/home/ywc/co-tilelang/tilelang/jit/kernel.py", line 253, in _compile_and_create_adapter
    self.artifact = self._compile_artifact(tilelang_func, pass_configs, compile_metadata)
                    ^^^^^^^^^^^^^^^^^^^^^^^^^^^^^^^^^^^^^^^^^^^^^^^^^^^^^^^^^^^^^^^^^^^^^
  File "/home/ywc/co-tilelang/tilelang/jit/kernel.py", line 294, in _compile_artifact
    artifact = lower_with_context(
               ^^^^^^^^^^^^^^^^^^^
  File "/home/ywc/co-tilelang/tilelang/engine/lower.py", line 165, in lower_with_context
    return _lower_with_context_impl(
           ^^^^^^^^^^^^^^^^^^^^^^^^^
  File "/home/ywc/co-tilelang/tilelang/engine/lower.py", line 184, in _lower_with_context_impl
    host_mod, device_mod, params, target, target_host = lower_to_host_device_ir(
                                                        ^^^^^^^^^^^^^^^^^^^^^^^^
  File "/home/ywc/co-tilelang/tilelang/engine/lower.py", line 136, in lower_to_host_device_ir
    mod = context.lower(mod)
          ^^^^^^^^^^^^^^^^^^
  File "/home/ywc/co-tilelang/tilelang/backend/module.py", line 214, in lower
    return self.module.lower(mod, self.target)
           ^^^^^^^^^^^^^^^^^^^^^^^^^^^^^^^^^^^
  File "/home/ywc/co-tilelang/tilelang/backend/module.py", line 115, in lower
    return self.get_pipeline(target).lower(mod, target)
           ^^^^^^^^^^^^^^^^^^^^^^^^^^^^^^^^^^^^^^^^^^^^
  File "/home/ywc/co-tilelang/tilelang/backend/pass_pipeline/pipeline.py", line 31, in lower
    return self._lower(mod, target)
           ^^^^^^^^^^^^^^^^^^^^^^^^
  File "/home/ywc/co-tilelang/tilelang/cuda/pipeline.py", line 169, in CUDAPassPipelineBody
    mod = CUDAPassPipelineBodyPrologue(mod, target)
          ^^^^^^^^^^^^^^^^^^^^^^^^^^^^^^^^^^^^^^^^^
  File "/home/ywc/co-tilelang/tilelang/cuda/pipeline.py", line 132, in CUDAPassPipelineBodyPrologue
    mod = tilelang.transform.LayoutInference()(mod)
          ^^^^^^^^^^^^^^^^^^^^^^^^^^^^^^^^^^^^^^^^^
  File "/home/ywc/co-tilelang/3rdparty/tvm/python/tvm/ir/transform.py", line 171, in __call__
    return _ffi_transform_api.RunPass(self, mod)
           ^^^^^^^^^^^^^^^^^^^^^^^^^^^^^^^^^^^^^
  File "python/tvm_ffi/cython/function.pxi", line 968, in tvm_ffi.core.Function.__call__
  File "<unknown>", line 0, in tvm::transform::Pass::operator()(tvm::IRModule) const
  File "<unknown>", line 0, in tvm::transform::Pass::operator()(tvm::IRModule, tvm::transform::PassContext const&) const
  File "<unknown>", line 0, in tvm::tirx::transform::PrimFuncPassNode::operator()(tvm::IRModule, tvm::transform::PassContext const&) const
  File "<unknown>", line 0, in std::_Function_handler<tvm::tirx::PrimFunc (tvm::tirx::PrimFunc, tvm::IRModule, tvm::transform::PassContext), tvm::tl::LayoutInference()::{lambda(tvm::tirx::PrimFunc, tvm::IRModule const&, tvm::transform::PassContext const&)#1}>::_M_invoke(std::_Any_data const&, tvm::tirx::PrimFunc&&, tvm::IRModule&&, tvm::transform::PassContext&&)
  File "<unknown>", line 0, in tvm::tl::LayoutInferencer::Substitute(tvm::tirx::PrimFunc)
  File "<unknown>", line 0, in tvm::tl::BufferUseDefCollector::Run()
  File "<unknown>", line 0, in tvm::tl::BufferUseDefCollector::RunInferStep(int, tvm::tl::InferLevel, bool, tvm::ffi::Map<tvm::tirx::Buffer, tvm::tl::Layout, void>&, tvm::ffi::Map<tvm::tirx::Buffer, tvm::tl::Layout, void> const&, std::deque<int, std::allocator<int> >&, std::vector<bool, std::allocator<bool> >&)
  File "<unknown>", line 0, in tvm::tl::GemmNode::InferLayout(tvm::tl::LayoutInferArgs const&, tvm::tl::InferLevel) const
  File "<unknown>", line 0, in TVMFFIPyCallback(void*, TVMFFIAny const*, int, TVMFFIAny*)
  File "<unknown>", line 0, in TVMFFIPyCallManager::ForwardPyErrorToFFI()
  File "<unknown>", line 0, in TVMFFICyErrorSetRaisedFromPyError(_object*)
  File "/home/ywc/co-tilelang/tilelang/tileop/gemm/__init__.py", line 15, in gemm_infer_layout
    return gemm.infer_layout(target, thread_nums)

  File "/home/ywc/co-tilelang/tilelang/tileop/gemm/__init__.py", line 123, in infer_layout
    gemm_inst = self._select_gemm_instruction(thread_nums, target)

  File "/home/ywc/co-tilelang/tilelang/tileop/gemm/__init__.py", line 158, in _select_gemm_instruction
    return str(_ffi_api.GemmGetGemmInstructionKey(self, int(thread_nums), target))

  File "python/tvm_ffi/cython/function.pxi", line 968, in tvm_ffi.core.Function.__call__
  File "<unknown>", line 0, in tvm::tl::GemmNode::GetGemmInstructionKey(int, tvm::Target) const
  File "<unknown>", line 0, in tvm::tl::cuda::Gemm::SelectInst(tvm::tl::GemmNode const&, int, tvm::Target)
  File "<unknown>", line 0, in tvm::runtime::detail::LogFatal::~LogFatal()
tvm.error.InternalError: T.wgmma_gemm() requires Hopper WGMMA lowering, but constraints were not satisfied. Got target={"kind":"cuda","tag":"","keys":["cuda","gpu"],"host":{"kind":"c","tag":"","keys":["cpu"]},"max_num_threads":1024,"thread_warp_size":32,"arch":"sm_120a"}, A(scope=shared.dyn, dtype=float16), B(scope=shared.dyn, dtype=float16), C(scope=local.fragment, dtype=float32), M=64, N=64, K=64.
  --> /home/ywc/co-tilelang/examples/warp_specialize/example_warp_specialize_flashmla.py:36:1
     |
 36 |             Q_shared_l = T.alloc_shared([block_H, h_dim], dtype)
     |             ^
